[  0%] Built target wrapper
[  0%] Built target build-JsonSchemaBuilder
[  1%] Built target build-ffmpeg
[  1%] Built target build-libdvdcss
[  1%] Built target build-crossguid
[  1%] Performing build step for 'buildtexturepacker'
[  1%] Built target compileinfo
[  1%] Built target build-utfcpp
Generating xbmc.json/addon.xml
[  6%] Built target upnp
[  6%] Built target retroplayer_messages
[  6%] Built target generate_json_header
[  6%] Built target sse4
[  6%] Built target gen_system_addons
[  7%] Built target build-libdvdread
[100%] Built target TexturePacker
[  7%] Built target build-taglib
[  9%] Built target kodi-xrandr
[  9%] No install step for 'buildtexturepacker'
[  9%] Built target build-libdvdnav
[  9%] Built target wrapper.def
[ 10%] Completed 'buildtexturepacker'
[ 10%] Built target processX11
[ 10%] Copying files into build tree
[ 10%] Built target rp-process-x11
[ 10%] Built target network_httprequesthandlers_python
[ 11%] Built target windowing_X11
[ 11%] Built target cores
[ 11%] Built target buildtexturepacker
[ 11%] Built target dllloader
[ 12%] Built target audioengine
[ 12%] Built target dllexports
[ 12%] Built target exports_utils
[ 14%] Built target playercorefactory
[ 14%] Built target events_windows
[ 14%] Built target externalplayer
[ 14%] Built target events
[ 14%] Built target paplayer
[ 14%] Built target export-files
[ 14%] Built target bluray
[ 15%] Built target musicdatabasedirectory
[ 16%] Built target videodatabasedirectory
[ 18%] Built target gameaddons
[ 18%] Built target gamecheevos
[ 19%] Built target games
[ 19%] Built target gamediscs
[ 20%] Built target gameinput
[ 25%] Built target game_addon_streams
[ 25%] Built target filesystem
[ 25%] Built target games_agents_input
[ 25%] Built target games_cheats
[ 27%] Built target games_controller
[ 27%] Built target games_agents_windows
[ 27%] Built target games_controller_dialogs
[ 28%] Built target games_controller_input
[ 28%] Built target games_controller_listproviders
[ 28%] Built target games_controller_types
[ 28%] Built target games_controller_guicontrols
[ 29%] Built target games_database
[ 29%] Built target games_controller_windows
[ 29%] Built target gamedialogs
[ 29%] Built target game_disc_dialog
[ 29%] Built target games_library
[ 29%] Built target games_manual
[ 29%] Built target games_ports_guicontrols
[ 29%] Built target games_ports_input
[ 29%] Built target gametags
[ 29%] Built target games_ports_windows
[ 29%] Building CXX object build/games/dialogs/osd/CMakeFiles/gameosddialogs.dir/DialogGameAchievements.cpp.o
[ 29%] Built target games_ports_types
[ 31%] Built target input
[ 31%] Building CXX object build/games/dialogs/osd/CMakeFiles/gameosddialogs.dir/DialogGameSaves.cpp.o
[ 31%] Built target gameswindows
[ 31%] Building CXX object build/games/dialogs/osd/CMakeFiles/gameosddialogs.dir/DialogGameVideoFilter.cpp.o
[ 31%] Built target input_actions
[ 31%] Building CXX object build/games/dialogs/osd/CMakeFiles/gameosddialogs.dir/DialogGameVideoSelect.cpp.o
[ 31%] Built target input_joystick_dialogs
[ 31%] Built target input_joystick
[ 31%] Building CXX object build/games/dialogs/osd/CMakeFiles/gameosddialogs.dir/DialogInGameSaves.cpp.o
[ 31%] Built target input_joystick_generic
[ 32%] Built target input_joystick_mapping
[ 32%] Built target input_keyboard
[ 32%] Built target input_keyboard_generic
[ 32%] Built target input_keymaps
[ 33%] Built target input_keymaps_generic
[ 33%] Built target input_keymaps_joysticks
[ 33%] Built target input_keymaps_keyboard
[ 33%] Built target input_keymaps_remote
[ 33%] Built target input_keymaps_touch
[ 33%] Built target input_mouse
[ 33%] Built target input_mouse_generic
[ 33%] Built target interfaces
[ 35%] Built target interfaces_builtins
[ 35%] Built target generic_interface
[ 35%] Built target info_interface
[ 36%] Built target jsonrpc_interface
[ 36%] Built target media
[ 36%] Built target drm
[ 37%] Built target music
[ 37%] Built target music_dialogs
[ 37%] Built target music_infoscanner
[ 37%] Built target music_jobs
[ 38%] Built target music_tags
[ 38%] Built target music_windows
[ 38%] Built target network
[ 38%] Built target network_websockets
[ 38%] Built target peripherals
[ 38%] Built target peripherals_addons
[ 40%] Built target peripherals_bus
[ 40%] Built target peripheral_bus_virtual
[ 40%] Built target peripherals_devices
[ 40%] Built target peripherals_dialogs
[ 40%] Built target peripherals_events
[ 40%] Built target profiles
[ 40%] Built target profiles_dialogs
[ 40%] Built target profiles_windows
[ 41%] Built target pvr
[ 41%] Built target pvr_addons
[ 42%] Built target pvr_channels
[ 42%] Built target pvr_dialogs
[ 44%] Built target pvr_epg
[ 44%] Built target pvr_filesystem
[ 45%] Built target pvr_guilib
[ 45%] Built target pvr_guilib_guiinfo
[ 45%] Built target pvr_providers
[ 45%] Built target pvr_recordings
[ 46%] Built target pvr_settings
[ 46%] Built target pvr_timers
[ 46%] Built target pvr_utils
[ 48%] Built target pvr_windows
[ 48%] Built target retroplayer
[ 48%] Built target rp_audio
[ 48%] Built target rp-buffers
[ 48%] Built target rp-buffers-video
[ 48%] Built target retroplayer_guibridge
[ 49%] Built target retroplayer_guicontrols
[ 49%] Built target retroplayer_guiplayback
[ 49%] Built target retroplayer_guiwindows
[ 49%] Built target retroplayer_playback
[ 49%] Built target rp-process
[ 50%] Built target rp-rendering
[ 50%] Built target rp-videorenderers
[ 50%] Built target retroplayer_savestates
[ 50%] Built target rp-shaders
[ 51%] Built target retroplayer_streams
[ 51%] Built target retroplayer_memory
[ 53%] Built target settings_dialogs
[ 54%] Built target settings
[ 54%] Built target settings_lib
[ 55%] Built target settings_windows
[ 55%] Building CXX object build/xbmc/CMakeFiles/xbmc.dir/GUIInfoManager.cpp.o
[ 57%] Built target addons
[ 57%] Built target addons_addoninfo
[ 58%] Built target addons_binary-addons
[ 58%] Built target addons_gui
/home/chris/xbmc-gamelib-merge/xbmc/games/dialogs/osd/DialogGameAchievements.cpp: In member function ‘virtual void KODI::GAME::CDialogGameAchievements::OnJobComplete(unsigned int, bool, CJob*)’:
/home/chris/xbmc-gamelib-merge/xbmc/games/dialogs/osd/DialogGameAchievements.cpp:528:48: error: qualified-id in declaration before ‘(’ token
  528 | void CDialogGameAchievements::OnHardcoreToggled()
      |                                                ^
/home/chris/xbmc-gamelib-merge/xbmc/games/dialogs/osd/DialogGameAchievements.cpp:553:2: error: expected ‘}’ at end of input
  553 | }
      |  ^
/home/chris/xbmc-gamelib-merge/xbmc/games/dialogs/osd/DialogGameAchievements.cpp:512:1: note: to match this ‘{’
  512 | {
      | ^
make[2]: *** [build/games/dialogs/osd/CMakeFiles/gameosddialogs.dir/build.make:93: build/games/dialogs/osd/CMakeFiles/gameosddialogs.dir/DialogGameAchievements.cpp.o] Error 1
make[2]: *** Waiting for unfinished jobs....
[ 58%] Built target addons_gui_skin
[ 58%] Built target addons_interfaces
[ 58%] Built target addons_interfaces_gui
[ 59%] Built target addons_interfaces_gui_controls
[ 59%] Built target addons_interfaces_gui_dialogs
[ 61%] Built target addons_settings
[ 61%] Built target commons
[ 61%] Built target application
[ 62%] Built target dbwrappers
[ 62%] Built target favourites
[ 62%] Building CXX object build/dialogs/CMakeFiles/dialogs.dir/GUIDialogProgress.cpp.o
[ 63%] Building CXX object build/guilib_guiinfo/CMakeFiles/guilib_guiinfo.dir/GUIInfoHelper.cpp.o
[ 63%] Building CXX object build/dialogs/CMakeFiles/dialogs.dir/GUIDialogSeekBar.cpp.o
[ 63%] Building CXX object build/guilib_guiinfo/CMakeFiles/guilib_guiinfo.dir/AddonsGUIInfo.cpp.o
[ 63%] Linking CXX static library dialogs.a
[ 63%] Building CXX object build/guilib/CMakeFiles/guilib.dir/GUIBaseContainer.cpp.o
[ 63%] Building CXX object build/guilib_guiinfo/CMakeFiles/guilib_guiinfo.dir/GamesGUIInfo.cpp.o
[ 64%] Building CXX object build/guilib/CMakeFiles/guilib.dir/GUIControlGroupList.cpp.o
[ 66%] Building CXX object build/guilib/CMakeFiles/guilib.dir/GUIPanelContainer.cpp.o
[ 66%] Building CXX object build/guilib/CMakeFiles/guilib.dir/GUISliderControl.cpp.o
[ 66%] Building CXX object build/guilib/CMakeFiles/guilib.dir/GUITextBox.cpp.o
[ 66%] Building CXX object build/guilib/CMakeFiles/guilib.dir/GUIVisualisationControl.cpp.o
[ 67%] Built target dialogs
[ 67%] Building CXX object build/guilib/CMakeFiles/guilib.dir/GUIWindowManager.cpp.o
[ 67%] Built target guilib_announcement_handlers
make[1]: *** [CMakeFiles/Makefile2:9698: build/games/dialogs/osd/CMakeFiles/gameosddialogs.dir/all] Error 2
make[1]: *** Waiting for unfinished jobs....
[ 67%] Building CXX object build/guilib_guiinfo/CMakeFiles/guilib_guiinfo.dir/GUIControlsGUIInfo.cpp.o
[ 67%] Building CXX object build/guilib_guiinfo/CMakeFiles/guilib_guiinfo.dir/LibraryGUIInfo.cpp.o
[ 67%] Building CXX object build/guilib_guiinfo/CMakeFiles/guilib_guiinfo.dir/MusicGUIInfo.cpp.o
[ 67%] Building CXX object build/guilib_guiinfo/CMakeFiles/guilib_guiinfo.dir/PicturesGUIInfo.cpp.o
[ 67%] Building CXX object build/guilib_guiinfo/CMakeFiles/guilib_guiinfo.dir/PlayerGUIInfo.cpp.o
[ 67%] Building CXX object build/guilib_guiinfo/CMakeFiles/guilib_guiinfo.dir/SkinGUIInfo.cpp.o
[ 67%] Building CXX object build/guilib_guiinfo/CMakeFiles/guilib_guiinfo.dir/SystemGUIInfo.cpp.o
[ 67%] Building CXX object build/guilib_guiinfo/CMakeFiles/guilib_guiinfo.dir/VideoGUIInfo.cpp.o
[ 67%] Building CXX object build/guilib_guiinfo/CMakeFiles/guilib_guiinfo.dir/VisualisationGUIInfo.cpp.o
[ 67%] Building CXX object build/guilib_guiinfo/CMakeFiles/guilib_guiinfo.dir/WeatherGUIInfo.cpp.o
[ 67%] Linking CXX static library guilib_guiinfo.a
[ 67%] Built target guilib_guiinfo
[ 67%] Linking CXX static library xbmc.a
[ 70%] Built target xbmc
[ 70%] Linking CXX static library guilib.a
[ 71%] Built target guilib
make: *** [Makefile:146: all] Error 2
