[  0%] Built target build-crossguid
[  0%] Built target build-JsonSchemaBuilder
[  0%] Built target build-libdvdcss
[  1%] Built target wrapper
[  1%] Built target build-ffmpeg
[  1%] Performing build step for 'buildtexturepacker'
[  1%] Built target build-utfcpp
Generating xbmc.json/addon.xml
[  1%] Built target compileinfo
[  6%] Built target upnp
[  6%] Built target retroplayer_messages
[  7%] Built target kodi-xrandr
[  7%] Built target generate_json_header
[  9%] Built target build-libdvdread
[  9%] Built target gen_system_addons
[100%] Built target TexturePacker
[  9%] Built target sse4
[  9%] Built target build-taglib
[  9%] No install step for 'buildtexturepacker'
[  9%] Built target build-libdvdnav
[ 10%] Completed 'buildtexturepacker'
[ 10%] Built target wrapper.def
[ 10%] Built target rp-process-x11
[ 10%] Copying files into build tree
[ 10%] Built target processX11
[ 10%] Built target network_httprequesthandlers_python
[ 11%] Built target windowing_X11
[ 11%] Built target cores
[ 11%] Built target buildtexturepacker
[ 11%] Built target dllloader
[ 11%] Built target dllexports
[ 12%] Built target audioengine
[ 12%] Built target exports_utils
[ 12%] Built target export-files
[ 12%] Built target externalplayer
[ 12%] Built target events_windows
[ 14%] Built target playercorefactory
[ 14%] Built target events
[ 14%] Built target paplayer
[ 14%] Built target bluray
[ 15%] Built target videodatabasedirectory
[ 15%] Building CXX object build/games/CMakeFiles/games.dir/GameServices.cpp.o
[ 16%] Built target musicdatabasedirectory
[ 16%] Built target gamediscs
[ 18%] Built target gameaddons
[ 18%] Building CXX object build/games/addons/cheevos/CMakeFiles/gamecheevos.dir/GameClientCheevos.cpp.o
[ 18%] Building CXX object build/games/CMakeFiles/games.dir/GameSettings.cpp.o
[ 18%] Built target game_addon_streams
[ 19%] Built target gameinput
[ 24%] Built target filesystem
[ 24%] Built target games_cheats
[ 24%] Built target games_agents_input
[ 24%] Built target games_agents_windows
[ 25%] Built target games_controller
[ 25%] Built target games_controller_dialogs
[ 27%] Built target games_controller_listproviders
[ 27%] Built target games_controller_input
[ 27%] Built target games_controller_guicontrols
[ 27%] Built target games_controller_types
[ 27%] Built target games_controller_windows
[ 28%] Built target games_database
[ 28%] Built target gamedialogs
[ 28%] Built target game_disc_dialog
[ 28%] Building CXX object build/games/dialogs/osd/CMakeFiles/gameosddialogs.dir/DialogGameIndicators.cpp.o
[ 28%] Built target games_library
[ 28%] Built target games_manual
[ 28%] Building CXX object build/games/dialogs/osd/CMakeFiles/gameosddialogs.dir/DialogGameAchievements.cpp.o
[ 28%] Built target games_ports_guicontrols
[ 28%] Built target games_ports_input
[ 28%] Building CXX object build/games/dialogs/osd/CMakeFiles/gameosddialogs.dir/DialogGameLeaderboards.cpp.o
[ 28%] Building CXX object build/games/dialogs/osd/CMakeFiles/gameosddialogs.dir/DialogGameLeaderboardEntries.cpp.o
[ 28%] Building CXX object build/games/dialogs/osd/CMakeFiles/gameosddialogs.dir/DialogGameOSD.cpp.o
In file included from /home/chris/xbmc-gamelib-merge/xbmc/games/dialogs/osd/DialogGameAchievements.cpp:9:
/home/chris/xbmc-gamelib-merge/xbmc/games/dialogs/osd/DialogGameAchievements.h:86:6: error: stray ‘\’ in program
   86 |    * \brief Act on the hardcore toggle
      |      ^
/home/chris/xbmc-gamelib-merge/xbmc/games/dialogs/osd/DialogGameAchievements.h:86:7: error: ISO C++ forbids declaration of ‘brief’ with no type [-fpermissive]
   86 |    * \brief Act on the hardcore toggle
      |       ^~~~~
/home/chris/xbmc-gamelib-merge/xbmc/games/dialogs/osd/DialogGameAchievements.h:86:7: error: expected ‘;’ at end of member declaration
   86 |    * \brief Act on the hardcore toggle
      |       ^~~~~
      |            ;
/home/chris/xbmc-gamelib-merge/xbmc/games/dialogs/osd/DialogGameAchievements.h:86:13: error: ‘Act’ does not name a type
   86 |    * \brief Act on the hardcore toggle
      |             ^~~
/home/chris/xbmc-gamelib-merge/xbmc/games/dialogs/osd/DialogGameAchievements.cpp: In member function ‘virtual bool KODI::GAME::CDialogGameAchievements::OnMessage(CGUIMessage&)’:
/home/chris/xbmc-gamelib-merge/xbmc/games/dialogs/osd/DialogGameAchievements.cpp:307:9: error: ‘OnHardcoreToggled’ was not declared in this scope
  307 |         OnHardcoreToggled();
      |         ^~~~~~~~~~~~~~~~~
/home/chris/xbmc-gamelib-merge/xbmc/games/dialogs/osd/DialogGameAchievements.cpp: In member function ‘virtual void KODI::GAME::CDialogGameAchievements::OnJobComplete(unsigned int, bool, CJob*)’:
/home/chris/xbmc-gamelib-merge/xbmc/games/dialogs/osd/DialogGameAchievements.cpp:528:48: error: qualified-id in declaration before ‘(’ token
  528 | void CDialogGameAchievements::OnHardcoreToggled()
      |                                                ^
/home/chris/xbmc-gamelib-merge/xbmc/games/dialogs/osd/DialogGameAchievements.cpp:553:2: error: expected ‘}’ at end of input
  553 | }
      |  ^
/home/chris/xbmc-gamelib-merge/xbmc/games/dialogs/osd/DialogGameAchievements.cpp:512:1: note: to match this ‘{’
  512 | {
      | ^
make[2]: *** [build/games/dialogs/osd/CMakeFiles/gameosddialogs.dir/build.make:93: build/games/dialogs/osd/CMakeFiles/gameosddialogs.dir/DialogGameAchievements.cpp.o] Error 1
make[2]: *** Waiting for unfinished jobs....
[ 28%] Built target games_ports_types
[ 28%] Built target games_ports_windows
[ 28%] Built target gametags
[ 28%] Built target gameswindows
[ 29%] Built target input
[ 29%] Built target input_actions
[ 29%] Building CXX object build/input/joysticks/CMakeFiles/input_joystick.dir/JoystickEasterEgg.cpp.o
[ 29%] Linking CXX static library games.a
[ 31%] Built target games
[ 31%] Built target input_joystick_dialogs
[ 31%] Built target input_joystick_generic
[ 32%] Built target input_joystick_mapping
[ 32%] Built target input_keyboard
[ 32%] Built target input_keyboard_generic
[ 32%] Built target input_keymaps
[ 33%] Built target input_keymaps_generic
[ 33%] Built target input_keymaps_joysticks
[ 33%] Built target input_keymaps_keyboard
[ 33%] Built target input_keymaps_remote
[ 33%] Built target input_keymaps_touch
[ 33%] Built target input_mouse_generic
[ 33%] Built target input_mouse
[ 33%] Built target interfaces
[ 33%] Building CXX object build/interfaces/builtins/CMakeFiles/interfaces_builtins.dir/PVRBuiltins.cpp.o
[ 33%] Built target generic_interface
[ 33%] Linking CXX static library interfaces_builtins.a
[ 33%] Built target info_interface
[ 35%] Built target jsonrpc_interface
[ 36%] Built target interfaces_builtins
[ 36%] Built target media
[ 36%] Built target drm
[ 36%] Building CXX object build/music/CMakeFiles/music.dir/MusicDatabase.cpp.o
[ 36%] Built target music_dialogs
[ 36%] Linking CXX static library music.a
[ 36%] Built target music_infoscanner
[ 36%] Built target music_jobs
[ 37%] Built target music_tags
[ 37%] Building CXX object build/music/windows/CMakeFiles/music_windows.dir/GUIWindowMusicBase.cpp.o
[ 38%] Built target music
[ 38%] Linking CXX static library gamecheevos.a
[ 38%] Linking CXX static library music_windows.a
[ 38%] Built target network
[ 38%] Built target network_websockets
[ 38%] Built target peripherals
[ 38%] Built target gamecheevos
[ 38%] Built target peripherals_addons
[ 40%] Built target peripherals_bus
[ 40%] Built target peripherals_devices
[ 40%] Linking CXX static library input_joystick.a
[ 40%] Built target peripheral_bus_virtual
[ 40%] Built target music_windows
[ 40%] Built target peripherals_dialogs
[ 40%] Built target peripherals_events
[ 40%] Built target profiles_windows
[ 40%] Built target profiles_dialogs
[ 40%] Built target profiles
[ 40%] Built target pvr_addons
[ 41%] Built target pvr_channels
[ 42%] Built target pvr
[ 44%] Built target pvr_epg
[ 44%] Built target pvr_dialogs
[ 44%] Built target input_joystick
[ 44%] Built target pvr_filesystem
[ 44%] Built target pvr_recordings
[ 44%] Building CXX object build/pvr/guilib/guiinfo/CMakeFiles/pvr_guilib_guiinfo.dir/PVRGUIInfo.cpp.o
[ 44%] Built target pvr_providers
[ 44%] Building CXX object build/pvr/guilib/CMakeFiles/pvr_guilib.dir/GUIEPGGridContainer.cpp.o
[ 45%] Built target pvr_settings
[ 45%] Linking CXX static library pvr_guilib_guiinfo.a
[ 45%] Linking CXX static library pvr_guilib.a
[ 45%] Built target pvr_timers
[ 45%] Built target pvr_utils
[ 46%] Built target rp_audio
[ 46%] Built target pvr_windows
[ 46%] Building CXX object build/cores/RetroPlayer/CMakeFiles/retroplayer.dir/RetroPlayer.cpp.o
[ 46%] Building CXX object build/cores/RetroPlayer/CMakeFiles/retroplayer.dir/RetroPlayerAutoSave.cpp.o
[ 46%] Built target pvr_guilib_guiinfo
[ 46%] Built target rp-buffers
[ 46%] Built target rp-buffers-video
[ 48%] Built target pvr_guilib
[ 48%] Built target retroplayer_guibridge
[ 49%] Built target retroplayer_guicontrols
[ 49%] Built target retroplayer_guiplayback
[ 49%] Building CXX object build/cores/RetroPlayer/guiwindows/CMakeFiles/retroplayer_guiwindows.dir/GameWindowFullScreen.cpp.o
[ 49%] Building CXX object build/cores/RetroPlayer/playback/CMakeFiles/retroplayer_playback.dir/ReversiblePlayback.cpp.o
[ 49%] Built target rp-process
[ 50%] Built target rp-rendering
[ 50%] Built target rp-videorenderers
[ 50%] Building CXX object build/cores/RetroPlayer/savestates/CMakeFiles/retroplayer_savestates.dir/SavestateDatabase.cpp.o
make[1]: *** [CMakeFiles/Makefile2:9698: build/games/dialogs/osd/CMakeFiles/gameosddialogs.dir/all] Error 2
make[1]: *** Waiting for unfinished jobs....
[ 50%] Linking CXX static library retroplayer_savestates.a
[ 50%] Built target retroplayer_savestates
[ 50%] Linking CXX static library retroplayer_guiwindows.a
[ 50%] Built target retroplayer_guiwindows
[ 50%] Linking CXX static library retroplayer_playback.a
[ 50%] Built target retroplayer_playback
[ 50%] Linking CXX static library retroplayer.a
[ 50%] Built target retroplayer
make: *** [Makefile:146: all] Error 2
