[  1%] Built target build-JsonSchemaBuilder
[  1%] Built target build-ffmpeg
[  1%] Built target build-libdvdcss
[  1%] Built target wrapper
[  1%] Built target build-crossguid
[  1%] Performing build step for 'buildtexturepacker'
[  1%] Built target build-utfcpp
[  1%] Built target compileinfo
Generating xbmc.json/addon.xml
[  1%] Built target gen_system_addons
[  6%] Built target upnp
[  6%] Built target sse4
[  6%] Built target generate_json_header
[  6%] Built target retroplayer_messages
[100%] Built target TexturePacker
[  7%] Built target build-libdvdread
[  9%] Built target kodi-xrandr
[  9%] Built target build-taglib
[  9%] No install step for 'buildtexturepacker'
[  9%] Built target build-libdvdnav
[  9%] Built target wrapper.def
[ 10%] Completed 'buildtexturepacker'
[ 10%] Built target rp-process-x11
[ 10%] Copying files into build tree
[ 10%] Built target processX11
[ 10%] Built target network_httprequesthandlers_python
[ 10%] Built target cores
[ 10%] Built target buildtexturepacker
[ 11%] Built target windowing_X11
[ 11%] Built target dllloader
[ 11%] Built target dllexports
[ 11%] Built target exports_utils
[ 12%] Built target audioengine
[ 12%] Built target export-files
[ 12%] Built target externalplayer
[ 14%] Built target playercorefactory
[ 14%] Built target paplayer
[ 14%] Built target events_windows
[ 14%] Built target events
[ 14%] Built target bluray
[ 14%] Building CXX object build/filesystem/CMakeFiles/filesystem.dir/AddonsDirectory.cpp.o
[ 15%] Building CXX object build/filesystem/CMakeFiles/filesystem.dir/AudioBookFileDirectory.cpp.o
[ 15%] Building CXX object build/games/addons/CMakeFiles/gameaddons.dir/GameClient.cpp.o
[ 15%] Building CXX object build/filesystem/musicdatabase/CMakeFiles/musicdatabasedirectory.dir/DirectoryNodeAlbum.cpp.o
[ 15%] Building CXX object build/filesystem/videodatabase/CMakeFiles/videodatabasedirectory.dir/DirectoryNode.cpp.o
[ 15%] Building CXX object build/games/CMakeFiles/games.dir/AchievementRuntime.cpp.o
[ 16%] Building CXX object build/filesystem/musicdatabase/CMakeFiles/musicdatabasedirectory.dir/DirectoryNodeAlbumRecentlyAdded.cpp.o
[ 16%] Building CXX object build/filesystem/videodatabase/CMakeFiles/videodatabasedirectory.dir/DirectoryNodeEpisodes.cpp.o
[ 18%] Building CXX object build/games/CMakeFiles/games.dir/GameThumbLoader.cpp.o
In file included from /home/chris/xbmc-gamelib-merge/xbmc/games/addons/GameClient.h:13,
                 from /home/chris/xbmc-gamelib-merge/xbmc/filesystem/AddonsDirectory.cpp:25:
/home/chris/xbmc-gamelib-merge/xbmc/addons/kodi-dev-kit/include/kodi/addon-instance/Game.h:1124:22: error: ‘virtual GAME_ERROR kodi::addon::CInstanceGame::RCSetEncoreModeEnabled(bool)’ cannot be overloaded with ‘virtual GAME_ERROR kodi::addon::CInstanceGame::RCSetEncoreModeEnabled(bool)’
 1124 |   virtual GAME_ERROR RCSetEncoreModeEnabled(bool enabled) { return GAME_ERROR_NOT_IMPLEMENTED; }
      |                      ^~~~~~~~~~~~~~~~~~~~~~
/home/chris/xbmc-gamelib-merge/xbmc/addons/kodi-dev-kit/include/kodi/addon-instance/Game.h:1025:22: note: previous declaration ‘virtual GAME_ERROR kodi::addon::CInstanceGame::RCSetEncoreModeEnabled(bool)’
 1025 |   virtual GAME_ERROR RCSetEncoreModeEnabled(bool enabled) { return GAME_ERROR_NOT_IMPLEMENTED; }
      |                      ^~~~~~~~~~~~~~~~~~~~~~
make[2]: *** [build/filesystem/CMakeFiles/filesystem.dir/build.make:79: build/filesystem/CMakeFiles/filesystem.dir/AddonsDirectory.cpp.o] Error 1
make[2]: *** Waiting for unfinished jobs....
[ 18%] Building CXX object build/filesystem/videodatabase/CMakeFiles/videodatabasedirectory.dir/DirectoryNodeGrouped.cpp.o
In file included from /home/chris/xbmc-gamelib-merge/xbmc/games/addons/GameClient.h:13,
                 from /home/chris/xbmc-gamelib-merge/xbmc/games/addons/GameClient.cpp:9:
/home/chris/xbmc-gamelib-merge/xbmc/addons/kodi-dev-kit/include/kodi/addon-instance/Game.h:1124:22: error: ‘virtual GAME_ERROR kodi::addon::CInstanceGame::RCSetEncoreModeEnabled(bool)’ cannot be overloaded with ‘virtual GAME_ERROR kodi::addon::CInstanceGame::RCSetEncoreModeEnabled(bool)’
 1124 |   virtual GAME_ERROR RCSetEncoreModeEnabled(bool enabled) { return GAME_ERROR_NOT_IMPLEMENTED; }
      |                      ^~~~~~~~~~~~~~~~~~~~~~
/home/chris/xbmc-gamelib-merge/xbmc/addons/kodi-dev-kit/include/kodi/addon-instance/Game.h:1025:22: note: previous declaration ‘virtual GAME_ERROR kodi::addon::CInstanceGame::RCSetEncoreModeEnabled(bool)’
 1025 |   virtual GAME_ERROR RCSetEncoreModeEnabled(bool enabled) { return GAME_ERROR_NOT_IMPLEMENTED; }
      |                      ^~~~~~~~~~~~~~~~~~~~~~
make[2]: *** [build/games/addons/CMakeFiles/gameaddons.dir/build.make:79: build/games/addons/CMakeFiles/gameaddons.dir/GameClient.cpp.o] Error 1
make[1]: *** [CMakeFiles/Makefile2:9068: build/games/addons/CMakeFiles/gameaddons.dir/all] Error 2
make[1]: *** Waiting for unfinished jobs....
[ 18%] Building CXX object build/filesystem/videodatabase/CMakeFiles/videodatabasedirectory.dir/DirectoryNodeInProgressTvShows.cpp.o
make[1]: *** [CMakeFiles/Makefile2:8893: build/filesystem/CMakeFiles/filesystem.dir/all] Error 2
[ 18%] Building CXX object build/filesystem/videodatabase/CMakeFiles/videodatabasedirectory.dir/DirectoryNodeMovieAssetTypes.cpp.o
[ 18%] Building CXX object build/filesystem/videodatabase/CMakeFiles/videodatabasedirectory.dir/DirectoryNodeMovieAssets.cpp.o
[ 18%] Building CXX object build/filesystem/videodatabase/CMakeFiles/videodatabasedirectory.dir/DirectoryNodeMoviesOverview.cpp.o
[ 18%] Building CXX object build/filesystem/musicdatabase/CMakeFiles/musicdatabasedirectory.dir/DirectoryNodeAlbumRecentlyAddedSong.cpp.o
[ 18%] Building CXX object build/games/CMakeFiles/games.dir/GameManual.cpp.o
[ 18%] Building CXX object build/filesystem/videodatabase/CMakeFiles/videodatabasedirectory.dir/DirectoryNodeMusicVideosOverview.cpp.o
[ 18%] Building CXX object build/filesystem/videodatabase/CMakeFiles/videodatabasedirectory.dir/DirectoryNodeOverview.cpp.o
[ 18%] Building CXX object build/filesystem/musicdatabase/CMakeFiles/musicdatabasedirectory.dir/DirectoryNodeAlbumRecentlyPlayed.cpp.o
[ 18%] Building CXX object build/filesystem/videodatabase/CMakeFiles/videodatabasedirectory.dir/DirectoryNodeRecentlyAddedEpisodes.cpp.o
[ 18%] Building CXX object build/filesystem/videodatabase/CMakeFiles/videodatabasedirectory.dir/DirectoryNodeRecentlyAddedMovies.cpp.o
[ 18%] Building CXX object build/games/CMakeFiles/games.dir/GameServices.cpp.o
[ 18%] Building CXX object build/games/CMakeFiles/games.dir/GameSettings.cpp.o
[ 18%] Building CXX object build/filesystem/videodatabase/CMakeFiles/videodatabasedirectory.dir/DirectoryNodeRecentlyAddedMusicVideos.cpp.o
[ 18%] Building CXX object build/filesystem/musicdatabase/CMakeFiles/musicdatabasedirectory.dir/DirectoryNodeAlbumRecentlyPlayedSong.cpp.o
[ 18%] Building CXX object build/filesystem/musicdatabase/CMakeFiles/musicdatabasedirectory.dir/DirectoryNodeAlbumTop100.cpp.o
[ 18%] Building CXX object build/filesystem/musicdatabase/CMakeFiles/musicdatabasedirectory.dir/DirectoryNodeAlbumTop100Song.cpp.o
In file included from /home/chris/xbmc-gamelib-merge/xbmc/games/GameServices.cpp:16:
/home/chris/xbmc-gamelib-merge/xbmc/games/GameSettings.h:121:8: error: ‘void KODI::GAME::CGameSettings::OnSettingAction(const std::shared_ptr<const CSetting>&)’ cannot be overloaded with ‘void KODI::GAME::CGameSettings::OnSettingAction(const std::shared_ptr<const CSetting>&)’
  121 |   void OnSettingAction(const std::shared_ptr<const CSetting>& setting) override;
      |        ^~~~~~~~~~~~~~~
/home/chris/xbmc-gamelib-merge/xbmc/games/GameSettings.h:119:8: note: previous declaration ‘void KODI::GAME::CGameSettings::OnSettingAction(const std::shared_ptr<const CSetting>&)’
  119 |   void OnSettingAction(const std::shared_ptr<const CSetting>& setting) override;
      |        ^~~~~~~~~~~~~~~
make[2]: *** [build/games/CMakeFiles/games.dir/build.make:121: build/games/CMakeFiles/games.dir/GameServices.cpp.o] Error 1
make[2]: *** Waiting for unfinished jobs....
[ 18%] Building CXX object build/filesystem/musicdatabase/CMakeFiles/musicdatabasedirectory.dir/DirectoryNodeArtist.cpp.o
[ 18%] Building CXX object build/filesystem/videodatabase/CMakeFiles/videodatabasedirectory.dir/DirectoryNodeRoot.cpp.o
[ 19%] Building CXX object build/filesystem/videodatabase/CMakeFiles/videodatabasedirectory.dir/DirectoryNodeSeasons.cpp.o
In file included from /home/chris/xbmc-gamelib-merge/xbmc/games/GameSettings.cpp:9:
/home/chris/xbmc-gamelib-merge/xbmc/games/GameSettings.h:121:8: error: ‘void KODI::GAME::CGameSettings::OnSettingAction(const std::shared_ptr<const CSetting>&)’ cannot be overloaded with ‘void KODI::GAME::CGameSettings::OnSettingAction(const std::shared_ptr<const CSetting>&)’
  121 |   void OnSettingAction(const std::shared_ptr<const CSetting>& setting) override;
      |        ^~~~~~~~~~~~~~~
/home/chris/xbmc-gamelib-merge/xbmc/games/GameSettings.h:119:8: note: previous declaration ‘void KODI::GAME::CGameSettings::OnSettingAction(const std::shared_ptr<const CSetting>&)’
  119 |   void OnSettingAction(const std::shared_ptr<const CSetting>& setting) override;
      |        ^~~~~~~~~~~~~~~
make[2]: *** [build/games/CMakeFiles/games.dir/build.make:135: build/games/CMakeFiles/games.dir/GameSettings.cpp.o] Error 1
make[1]: *** [CMakeFiles/Makefile2:9033: build/games/CMakeFiles/games.dir/all] Error 2
[ 19%] Building CXX object build/filesystem/musicdatabase/CMakeFiles/musicdatabasedirectory.dir/DirectoryNodeDiscs.cpp.o
[ 19%] Building CXX object build/filesystem/videodatabase/CMakeFiles/videodatabasedirectory.dir/DirectoryNodeTitleMovies.cpp.o
[ 19%] Building CXX object build/filesystem/videodatabase/CMakeFiles/videodatabasedirectory.dir/DirectoryNodeTitleMusicVideos.cpp.o
[ 19%] Building CXX object build/filesystem/musicdatabase/CMakeFiles/musicdatabasedirectory.dir/DirectoryNode.cpp.o
[ 19%] Building CXX object build/filesystem/musicdatabase/CMakeFiles/musicdatabasedirectory.dir/DirectoryNodeGrouped.cpp.o
[ 19%] Building CXX object build/filesystem/musicdatabase/CMakeFiles/musicdatabasedirectory.dir/DirectoryNodeOverview.cpp.o
[ 19%] Building CXX object build/filesystem/musicdatabase/CMakeFiles/musicdatabasedirectory.dir/DirectoryNodeRoot.cpp.o
[ 19%] Building CXX object build/filesystem/musicdatabase/CMakeFiles/musicdatabasedirectory.dir/DirectoryNodeSingles.cpp.o
[ 19%] Building CXX object build/filesystem/videodatabase/CMakeFiles/videodatabasedirectory.dir/DirectoryNodeTitleTvShows.cpp.o
[ 19%] Building CXX object build/filesystem/musicdatabase/CMakeFiles/musicdatabasedirectory.dir/DirectoryNodeSong.cpp.o
[ 19%] Building CXX object build/filesystem/musicdatabase/CMakeFiles/musicdatabasedirectory.dir/DirectoryNodeSongTop100.cpp.o
[ 19%] Building CXX object build/filesystem/musicdatabase/CMakeFiles/musicdatabasedirectory.dir/DirectoryNodeTop100.cpp.o
[ 19%] Building CXX object build/filesystem/videodatabase/CMakeFiles/videodatabasedirectory.dir/DirectoryNodeTvShowsOverview.cpp.o
[ 19%] Building CXX object build/filesystem/musicdatabase/CMakeFiles/musicdatabasedirectory.dir/QueryParams.cpp.o
[ 19%] Building CXX object build/filesystem/videodatabase/CMakeFiles/videodatabasedirectory.dir/QueryParams.cpp.o
[ 19%] Linking CXX static library musicdatabasedirectory.a
[ 19%] Built target musicdatabasedirectory
[ 19%] Linking CXX static library videodatabasedirectory.a
[ 19%] Built target videodatabasedirectory
make: *** [Makefile:146: all] Error 2
