[  0%] Built target build-JsonSchemaBuilder
[  0%] Built target build-crossguid
[  0%] Built target build-libdvdcss
[  0%] Performing build step for 'buildtexturepacker'
[  1%] Built target build-ffmpeg
[  1%] Built target wrapper
[  1%] Built target compileinfo
[  1%] Built target build-utfcpp
Generating xbmc.json/addon.xml
[  1%] Built target retroplayer_messages
[  1%] Built target gen_system_addons
[100%] Built target TexturePacker
[  1%] Built target sse4
[  6%] Built target upnp
[  7%] Built target kodi-xrandr
[  7%] Built target generate_json_header
[  9%] Built target build-libdvdread
[  9%] No install step for 'buildtexturepacker'
[  9%] Built target build-taglib
[ 10%] Completed 'buildtexturepacker'
[ 10%] Built target build-libdvdnav
[ 10%] Copying files into build tree
[ 10%] Built target network_httprequesthandlers_python
[ 10%] Built target processX11
[ 10%] Built target wrapper.def
[ 10%] Built target buildtexturepacker
[ 10%] Built target rp-process-x11
[ 10%] Built target dllloader
[ 10%] Built target dllexports
[ 10%] Built target cores
[ 12%] Built target windowing_X11
[ 12%] Built target audioengine
[ 12%] Built target paplayer
[ 12%] Built target exports_utils
[ 12%] Built target externalplayer
[ 12%] Built target events
[ 14%] Built target playercorefactory
[ 14%] Built target bluray
[ 14%] Built target events_windows
[ 14%] Building CXX object build/games/CMakeFiles/games.dir/GameServices.cpp.o
[ 15%] Built target musicdatabasedirectory
[ 16%] Built target videodatabasedirectory
[ 16%] Built target export-files
[ 16%] Building CXX object build/games/CMakeFiles/games.dir/GameSettings.cpp.o
[ 16%] Building CXX object build/games/addons/CMakeFiles/gameaddons.dir/GameClient.cpp.o
[ 16%] Building CXX object build/games/addons/cheevos/CMakeFiles/gamecheevos.dir/GameClientCheevos.cpp.o
[ 16%] Built target gamediscs
[ 22%] Built target filesystem
[ 22%] Building CXX object build/games/addons/CMakeFiles/gameaddons.dir/GameClientSubsystem.cpp.o
[ 23%] Built target gameinput
[ 23%] Built target game_addon_streams
[ 23%] Built target games_agents_input
[ 23%] Built target games_cheats
[ 23%] Built target games_agents_windows
[ 24%] Built target games_controller
[ 24%] Built target games_controller_dialogs
[ 24%] Built target games_controller_guicontrols
[ 25%] Built target games_controller_input
[ 25%] Built target games_controller_listproviders
[ 25%] Built target games_controller_types
[ 25%] Built target games_controller_windows
[ 27%] Built target games_database
[ 27%] Built target gamedialogs
[ 27%] Building CXX object build/games/dialogs/disc/CMakeFiles/game_disc_dialog.dir/DialogGameDiscManager.cpp.o
[ 27%] Linking CXX static library game_disc_dialog.a
[ 27%] Built target game_disc_dialog
[ 27%] Building CXX object build/games/dialogs/osd/CMakeFiles/gameosddialogs.dir/DialogGameIndicators.cpp.o
In file included from /home/chris/xbmc-gamelib-merge/xbmc/games/GameServices.cpp:16:
/home/chris/xbmc-gamelib-merge/xbmc/games/GameSettings.h:71:6: error: stray ‘\’ in program
   71 |    * \brief The player's RetroAchievements avatar, or empty if not signed in
      |      ^
/home/chris/xbmc-gamelib-merge/xbmc/games/GameSettings.h:71:23: warning: missing terminating ' character
   71 |    * \brief The player's RetroAchievements avatar, or empty if not signed in
      |                       ^
/home/chris/xbmc-gamelib-merge/xbmc/games/GameSettings.h:71:23: error: missing terminating ' character
   71 |    * \brief The player's RetroAchievements avatar, or empty if not signed in
      |                       ^~~~~~~~~~~~~~~~~~~~~~~~~~~~~~~~~~~~~~~~~~~~~~~~~~~~~~
/home/chris/xbmc-gamelib-merge/xbmc/games/GameSettings.h:75:10: warning: missing terminating ' character
   75 |    * Kodi's own icon, which is what a signed-out player should see.
      |          ^
/home/chris/xbmc-gamelib-merge/xbmc/games/GameSettings.h:75:10: error: missing terminating ' character
   75 |    * Kodi's own icon, which is what a signed-out player should see.
      |          ^~~~~~~~~~~~~~~~~~~~~~~~~~~~~~~~~~~~~~~~~~~~~~~~~~~~~~~~~~
/home/chris/xbmc-gamelib-merge/xbmc/games/GameSettings.h:71:7: error: ISO C++ forbids declaration of ‘brief’ with no type [-fpermissive]
   71 |    * \brief The player's RetroAchievements avatar, or empty if not signed in
      |       ^~~~~
/home/chris/xbmc-gamelib-merge/xbmc/games/GameSettings.h:71:7: error: expected ‘;’ at end of member declaration
   71 |    * \brief The player's RetroAchievements avatar, or empty if not signed in
      |       ^~~~~
      |            ;
/home/chris/xbmc-gamelib-merge/xbmc/games/GameSettings.h:71:13: error: ‘The’ does not name a type
   71 |    * \brief The player's RetroAchievements avatar, or empty if not signed in
      |             ^~~
make[2]: *** [build/games/CMakeFiles/games.dir/build.make:121: build/games/CMakeFiles/games.dir/GameServices.cpp.o] Error 1
make[2]: *** Waiting for unfinished jobs....
[ 27%] Building CXX object build/games/dialogs/osd/CMakeFiles/gameosddialogs.dir/DialogGameAchievements.cpp.o
In file included from /home/chris/xbmc-gamelib-merge/xbmc/games/dialogs/osd/DialogGameIndicators.cpp:14:
/home/chris/xbmc-gamelib-merge/xbmc/games/GameSettings.h:71:6: error: stray ‘\’ in program
   71 |    * \brief The player's RetroAchievements avatar, or empty if not signed in
      |      ^
/home/chris/xbmc-gamelib-merge/xbmc/games/GameSettings.h:71:23: warning: missing terminating ' character
   71 |    * \brief The player's RetroAchievements avatar, or empty if not signed in
      |                       ^
/home/chris/xbmc-gamelib-merge/xbmc/games/GameSettings.h:71:23: error: missing terminating ' character
   71 |    * \brief The player's RetroAchievements avatar, or empty if not signed in
      |                       ^~~~~~~~~~~~~~~~~~~~~~~~~~~~~~~~~~~~~~~~~~~~~~~~~~~~~~
/home/chris/xbmc-gamelib-merge/xbmc/games/GameSettings.h:75:10: warning: missing terminating ' character
   75 |    * Kodi's own icon, which is what a signed-out player should see.
      |          ^
/home/chris/xbmc-gamelib-merge/xbmc/games/GameSettings.h:75:10: error: missing terminating ' character
   75 |    * Kodi's own icon, which is what a signed-out player should see.
      |          ^~~~~~~~~~~~~~~~~~~~~~~~~~~~~~~~~~~~~~~~~~~~~~~~~~~~~~~~~~
/home/chris/xbmc-gamelib-merge/xbmc/games/GameSettings.h:71:7: error: ISO C++ forbids declaration of ‘brief’ with no type [-fpermissive]
   71 |    * \brief The player's RetroAchievements avatar, or empty if not signed in
      |       ^~~~~
/home/chris/xbmc-gamelib-merge/xbmc/games/GameSettings.h:71:7: error: expected ‘;’ at end of member declaration
   71 |    * \brief The player's RetroAchievements avatar, or empty if not signed in
      |       ^~~~~
      |            ;
/home/chris/xbmc-gamelib-merge/xbmc/games/GameSettings.h:71:13: error: ‘The’ does not name a type
   71 |    * \brief The player's RetroAchievements avatar, or empty if not signed in
      |             ^~~
make[2]: *** [build/games/dialogs/osd/CMakeFiles/gameosddialogs.dir/build.make:79: build/games/dialogs/osd/CMakeFiles/gameosddialogs.dir/DialogGameIndicators.cpp.o] Error 1
make[2]: *** Waiting for unfinished jobs....
[ 27%] Building CXX object build/games/library/CMakeFiles/games_library.dir/GameInfoScanner.cpp.o
[ 27%] Linking CXX static library games_library.a
[ 27%] Built target games_library
[ 27%] Built target games_manual
In file included from /home/chris/xbmc-gamelib-merge/xbmc/games/GameSettings.cpp:9:
/home/chris/xbmc-gamelib-merge/xbmc/games/GameSettings.h:71:6: error: stray ‘\’ in program
   71 |    * \brief The player's RetroAchievements avatar, or empty if not signed in
      |      ^
/home/chris/xbmc-gamelib-merge/xbmc/games/GameSettings.h:71:23: warning: missing terminating ' character
   71 |    * \brief The player's RetroAchievements avatar, or empty if not signed in
      |                       ^
/home/chris/xbmc-gamelib-merge/xbmc/games/GameSettings.h:71:23: error: missing terminating ' character
   71 |    * \brief The player's RetroAchievements avatar, or empty if not signed in
      |                       ^~~~~~~~~~~~~~~~~~~~~~~~~~~~~~~~~~~~~~~~~~~~~~~~~~~~~~
/home/chris/xbmc-gamelib-merge/xbmc/games/GameSettings.h:75:10: warning: missing terminating ' character
   75 |    * Kodi's own icon, which is what a signed-out player should see.
      |          ^
/home/chris/xbmc-gamelib-merge/xbmc/games/GameSettings.h:75:10: error: missing terminating ' character
   75 |    * Kodi's own icon, which is what a signed-out player should see.
      |          ^~~~~~~~~~~~~~~~~~~~~~~~~~~~~~~~~~~~~~~~~~~~~~~~~~~~~~~~~~
/home/chris/xbmc-gamelib-merge/xbmc/games/GameSettings.h:71:7: error: ISO C++ forbids declaration of ‘brief’ with no type [-fpermissive]
   71 |    * \brief The player's RetroAchievements avatar, or empty if not signed in
      |       ^~~~~
/home/chris/xbmc-gamelib-merge/xbmc/games/GameSettings.h:71:7: error: expected ‘;’ at end of member declaration
   71 |    * \brief The player's RetroAchievements avatar, or empty if not signed in
      |       ^~~~~
      |            ;
/home/chris/xbmc-gamelib-merge/xbmc/games/GameSettings.h:71:13: error: ‘The’ does not name a type
   71 |    * \brief The player's RetroAchievements avatar, or empty if not signed in
      |             ^~~
/home/chris/xbmc-gamelib-merge/xbmc/games/GameSettings.cpp:416:13: error: no declaration matches ‘std::string KODI::GAME::CGameSettings::GetRAUserPicUrl() const’
  416 | std::string CGameSettings::GetRAUserPicUrl() const
      |             ^~~~~~~~~~~~~
/home/chris/xbmc-gamelib-merge/xbmc/games/GameSettings.cpp:416:13: note: no functions named ‘std::string KODI::GAME::CGameSettings::GetRAUserPicUrl() const’
/home/chris/xbmc-gamelib-merge/xbmc/games/GameSettings.h:31:7: note: ‘class KODI::GAME::CGameSettings’ defined here
   31 | class CGameSettings : public ISettingCallback, public Observable
      |       ^~~~~~~~~~~~~
make[2]: *** [build/games/CMakeFiles/games.dir/build.make:135: build/games/CMakeFiles/games.dir/GameSettings.cpp.o] Error 1
make[1]: *** [CMakeFiles/Makefile2:9033: build/games/CMakeFiles/games.dir/all] Error 2
make[1]: *** Waiting for unfinished jobs....
[ 27%] Built target games_ports_guicontrols
In file included from /home/chris/xbmc-gamelib-merge/xbmc/games/addons/cheevos/GameClientCheevos.cpp:18:
/home/chris/xbmc-gamelib-merge/xbmc/games/GameSettings.h:71:6: error: stray ‘\’ in program
   71 |    * \brief The player's RetroAchievements avatar, or empty if not signed in
      |      ^
/home/chris/xbmc-gamelib-merge/xbmc/games/GameSettings.h:71:23: warning: missing terminating ' character
   71 |    * \brief The player's RetroAchievements avatar, or empty if not signed in
      |                       ^
/home/chris/xbmc-gamelib-merge/xbmc/games/GameSettings.h:71:23: error: missing terminating ' character
   71 |    * \brief The player's RetroAchievements avatar, or empty if not signed in
      |                       ^~~~~~~~~~~~~~~~~~~~~~~~~~~~~~~~~~~~~~~~~~~~~~~~~~~~~~
/home/chris/xbmc-gamelib-merge/xbmc/games/GameSettings.h:75:10: warning: missing terminating ' character
   75 |    * Kodi's own icon, which is what a signed-out player should see.
      |          ^
/home/chris/xbmc-gamelib-merge/xbmc/games/GameSettings.h:75:10: error: missing terminating ' character
   75 |    * Kodi's own icon, which is what a signed-out player should see.
      |          ^~~~~~~~~~~~~~~~~~~~~~~~~~~~~~~~~~~~~~~~~~~~~~~~~~~~~~~~~~
/home/chris/xbmc-gamelib-merge/xbmc/games/GameSettings.h:71:7: error: ISO C++ forbids declaration of ‘brief’ with no type [-fpermissive]
   71 |    * \brief The player's RetroAchievements avatar, or empty if not signed in
      |       ^~~~~
/home/chris/xbmc-gamelib-merge/xbmc/games/GameSettings.h:71:7: error: expected ‘;’ at end of member declaration
   71 |    * \brief The player's RetroAchievements avatar, or empty if not signed in
      |       ^~~~~
      |            ;
/home/chris/xbmc-gamelib-merge/xbmc/games/GameSettings.h:71:13: error: ‘The’ does not name a type
   71 |    * \brief The player's RetroAchievements avatar, or empty if not signed in
      |             ^~~
/home/chris/xbmc-gamelib-merge/xbmc/games/addons/cheevos/GameClientCheevos.cpp: In function ‘std::string {anonymous}::RetroAchievementsIcon()’:
/home/chris/xbmc-gamelib-merge/xbmc/games/addons/cheevos/GameClientCheevos.cpp:66:59: error: ‘class KODI::GAME::CGameSettings’ has no member named ‘GetRAUserPicUrl’
   66 |   return CServiceBroker::GetGameServices().GameSettings().GetRAUserPicUrl();
      |                                                           ^~~~~~~~~~~~~~~
make[2]: *** [build/games/addons/cheevos/CMakeFiles/gamecheevos.dir/build.make:79: build/games/addons/cheevos/CMakeFiles/gamecheevos.dir/GameClientCheevos.cpp.o] Error 1
make[1]: *** [CMakeFiles/Makefile2:9103: build/games/addons/cheevos/CMakeFiles/gamecheevos.dir/all] Error 2
[ 27%] Linking CXX static library gameaddons.a
[ 28%] Built target gameaddons
In file included from /home/chris/xbmc-gamelib-merge/xbmc/games/dialogs/osd/DialogGameAchievements.cpp:9:
/home/chris/xbmc-gamelib-merge/xbmc/games/dialogs/osd/DialogGameAchievements.h:86:6: error: stray ‘\’ in program
   86 |    * \brief Act on the hardcore toggle
      |      ^
In file included from /home/chris/xbmc-gamelib-merge/xbmc/games/dialogs/osd/DialogGameAchievements.cpp:24:
/home/chris/xbmc-gamelib-merge/xbmc/games/GameSettings.h:71:6: error: stray ‘\’ in program
   71 |    * \brief The player's RetroAchievements avatar, or empty if not signed in
      |      ^
/home/chris/xbmc-gamelib-merge/xbmc/games/GameSettings.h:71:23: warning: missing terminating ' character
   71 |    * \brief The player's RetroAchievements avatar, or empty if not signed in
      |                       ^
/home/chris/xbmc-gamelib-merge/xbmc/games/GameSettings.h:71:23: error: missing terminating ' character
   71 |    * \brief The player's RetroAchievements avatar, or empty if not signed in
      |                       ^~~~~~~~~~~~~~~~~~~~~~~~~~~~~~~~~~~~~~~~~~~~~~~~~~~~~~
/home/chris/xbmc-gamelib-merge/xbmc/games/GameSettings.h:75:10: warning: missing terminating ' character
   75 |    * Kodi's own icon, which is what a signed-out player should see.
      |          ^
/home/chris/xbmc-gamelib-merge/xbmc/games/GameSettings.h:75:10: error: missing terminating ' character
   75 |    * Kodi's own icon, which is what a signed-out player should see.
      |          ^~~~~~~~~~~~~~~~~~~~~~~~~~~~~~~~~~~~~~~~~~~~~~~~~~~~~~~~~~
/home/chris/xbmc-gamelib-merge/xbmc/games/dialogs/osd/DialogGameAchievements.h:86:7: error: ISO C++ forbids declaration of ‘brief’ with no type [-fpermissive]
   86 |    * \brief Act on the hardcore toggle
      |       ^~~~~
/home/chris/xbmc-gamelib-merge/xbmc/games/dialogs/osd/DialogGameAchievements.h:86:7: error: expected ‘;’ at end of member declaration
   86 |    * \brief Act on the hardcore toggle
      |       ^~~~~
      |            ;
/home/chris/xbmc-gamelib-merge/xbmc/games/dialogs/osd/DialogGameAchievements.h:86:13: error: ‘Act’ does not name a type
   86 |    * \brief Act on the hardcore toggle
      |             ^~~
/home/chris/xbmc-gamelib-merge/xbmc/games/GameSettings.h:71:7: error: ISO C++ forbids declaration of ‘brief’ with no type [-fpermissive]
   71 |    * \brief The player's RetroAchievements avatar, or empty if not signed in
      |       ^~~~~
/home/chris/xbmc-gamelib-merge/xbmc/games/GameSettings.h:71:7: error: expected ‘;’ at end of member declaration
   71 |    * \brief The player's RetroAchievements avatar, or empty if not signed in
      |       ^~~~~
      |            ;
/home/chris/xbmc-gamelib-merge/xbmc/games/GameSettings.h:71:13: error: ‘The’ does not name a type
   71 |    * \brief The player's RetroAchievements avatar, or empty if not signed in
      |             ^~~
/home/chris/xbmc-gamelib-merge/xbmc/games/dialogs/osd/DialogGameAchievements.cpp: In member function ‘virtual void KODI::GAME::CDialogGameAchievements::OnInitWindow()’:
/home/chris/xbmc-gamelib-merge/xbmc/games/dialogs/osd/DialogGameAchievements.cpp:260:58: error: ‘class KODI::GAME::CGameSettings’ has no member named ‘GetRAUserPicUrl’
  260 |         CServiceBroker::GetGameServices().GameSettings().GetRAUserPicUrl(), Localize(35264),
      |                                                          ^~~~~~~~~~~~~~~
/home/chris/xbmc-gamelib-merge/xbmc/games/dialogs/osd/DialogGameAchievements.cpp:270:58: error: ‘class KODI::GAME::CGameSettings’ has no member named ‘GetRAUserPicUrl’
  270 |         CServiceBroker::GetGameServices().GameSettings().GetRAUserPicUrl(), Localize(35264),
      |                                                          ^~~~~~~~~~~~~~~
/home/chris/xbmc-gamelib-merge/xbmc/games/dialogs/osd/DialogGameAchievements.cpp: In member function ‘virtual bool KODI::GAME::CDialogGameAchievements::OnMessage(CGUIMessage&)’:
/home/chris/xbmc-gamelib-merge/xbmc/games/dialogs/osd/DialogGameAchievements.cpp:307:9: error: ‘OnHardcoreToggled’ was not declared in this scope
  307 |         OnHardcoreToggled();
      |         ^~~~~~~~~~~~~~~~~
/home/chris/xbmc-gamelib-merge/xbmc/games/dialogs/osd/DialogGameAchievements.cpp: In member function ‘virtual void KODI::GAME::CDialogGameAchievements::OnJobComplete(unsigned int, bool, CJob*)’:
/home/chris/xbmc-gamelib-merge/xbmc/games/dialogs/osd/DialogGameAchievements.cpp:528:48: error: qualified-id in declaration before ‘(’ token
  528 | void CDialogGameAchievements::OnHardcoreToggled()
      |                                                ^
/home/chris/xbmc-gamelib-merge/xbmc/games/dialogs/osd/DialogGameAchievements.cpp:553:2: error: expected ‘}’ at end of input
  553 | }
      |  ^
/home/chris/xbmc-gamelib-merge/xbmc/games/dialogs/osd/DialogGameAchievements.cpp:512:1: note: to match this ‘{’
  512 | {
      | ^
make[2]: *** [build/games/dialogs/osd/CMakeFiles/gameosddialogs.dir/build.make:93: build/games/dialogs/osd/CMakeFiles/gameosddialogs.dir/DialogGameAchievements.cpp.o] Error 1
make[1]: *** [CMakeFiles/Makefile2:9698: build/games/dialogs/osd/CMakeFiles/gameosddialogs.dir/all] Error 2
make: *** [Makefile:146: all] Error 2
