[  0%] Built target build-libdvdcss
[  0%] Built target build-JsonSchemaBuilder
[  0%] Built target wrapper
[  0%] Performing build step for 'buildtexturepacker'
[  0%] Built target build-crossguid
[  1%] Built target build-ffmpeg
[  1%] Built target compileinfo
[  1%] Built target build-utfcpp
Generating xbmc.json/addon.xml
[  1%] Built target retroplayer_messages
[  1%] Built target gen_system_addons
[  6%] Built target upnp
[100%] Built target TexturePacker
[  6%] Built target sse4
[  6%] No install step for 'buildtexturepacker'
[  7%] Built target kodi-xrandr
[  9%] Built target build-libdvdread
[  9%] Built target generate_json_header
[  9%] Built target build-taglib
[  9%] Built target wrapper.def
[ 10%] Completed 'buildtexturepacker'
[ 10%] Built target build-libdvdnav
[ 10%] Built target processX11
[ 10%] Built target wrap_libdvdnav
[ 10%] Built target network_httprequesthandlers_python
[ 10%] Built target rp-process-x11
[ 10%] Copying files into build tree
[ 10%] Built target buildtexturepacker
[ 10%] Built target cores
[ 10%] Built target dllloader
[ 11%] Built target audioengine
[ 12%] Built target windowing_X11
[ 12%] Built target dllexports
[ 12%] Built target exports_utils
[ 12%] Built target paplayer
[ 14%] Built target playercorefactory
[ 14%] Built target externalplayer
[ 14%] Built target events
[ 14%] Built target events_windows
[ 14%] Built target bluray
[ 16%] Built target videodatabasedirectory
[ 16%] Built target games
[ 18%] Built target musicdatabasedirectory
[ 23%] Built target filesystem
[ 24%] Built target gameaddons
[ 24%] Built target gamecheevos
[ 24%] Built target export-files
[ 24%] Built target game_addon_streams
[ 24%] Built target gamediscs
[ 24%] Built target games_cheats
[ 25%] Built target gameinput
[ 27%] Built target games_controller
[ 27%] Built target games_agents_input
[ 27%] Built target games_agents_windows
[ 28%] Built target games_controller_input
[ 28%] Built target games_controller_listproviders
[ 28%] Built target games_controller_guicontrols
[ 28%] Built target games_controller_types
[ 28%] Built target games_controller_dialogs
[ 28%] Built target games_controller_windows
[ 28%] Built target game_disc_dialog
[ 28%] Built target games_manual
[ 28%] Built target games_library
[ 28%] Built target gamedialogs
[ 29%] Built target games_database
[ 29%] Built target games_ports_guicontrols
[ 29%] Built target games_ports_input
[ 29%] Building CXX object build/games/dialogs/osd/CMakeFiles/gameosddialogs.dir/DialogGameAchievements.cpp.o
[ 29%] Built target gametags
[ 29%] Built target games_ports_windows
[ 29%] Built target games_ports_types
[ 29%] Built target gameswindows
[ 29%] Built target input_joystick
[ 29%] Built target input_joystick_dialogs
[ 31%] Built target input
[ 31%] Built target input_actions
[ 31%] Built target input_joystick_generic
[ 32%] Built target input_joystick_mapping
[ 32%] Built target input_keyboard_generic
[ 33%] Built target input_keymaps_generic
[ 33%] Built target input_keymaps
[ 33%] Built target input_keyboard
[ 33%] Built target input_keymaps_joysticks
[ 33%] Built target input_keymaps_remote
[ 33%] Built target input_mouse
[ 33%] Built target input_keymaps_keyboard
[ 33%] Built target input_keymaps_touch
[ 33%] Built target input_mouse_generic
[ 33%] Built target info_interface
[ 33%] Built target interfaces
[ 33%] Built target generic_interface
[ 35%] Built target interfaces_builtins
[ 35%] Built target media
[ 35%] Built target drm
[ 36%] Built target music
[ 37%] Built target jsonrpc_interface
[ 37%] Built target music_dialogs
[ 37%] Built target music_infoscanner
[ 37%] Built target music_jobs
[ 38%] Built target music_windows
[ 38%] Built target music_tags
[ 38%] Built target network
[ 38%] Built target peripherals
[ 38%] Built target network_websockets
[ 40%] Built target peripherals_bus
[ 40%] Built target peripheral_bus_virtual
[ 40%] Built target peripherals_addons
[ 40%] Built target peripherals_events
[ 40%] Built target peripherals_devices
[ 40%] Built target peripherals_dialogs
[ 40%] Built target profiles
[ 40%] Built target profiles_dialogs
[ 40%] Built target profiles_windows
[ 41%] Built target pvr
[ 41%] Built target pvr_dialogs
[ 41%] Built target pvr_addons
[ 42%] Built target pvr_channels
[ 44%] Built target pvr_epg
[ 44%] Built target pvr_filesystem
[ 44%] Built target pvr_guilib_guiinfo
[ 44%] Built target pvr_providers
[ 45%] Built target pvr_guilib
[ 45%] Built target pvr_recordings
[ 46%] Built target pvr_settings
[ 46%] Built target pvr_timers
[ 46%] Built target pvr_utils
[ 46%] Built target retroplayer
[ 46%] Built target rp_audio
[ 48%] Built target pvr_windows
[ 48%] Built target rp-buffers-video
[ 48%] Built target rp-buffers
[ 48%] Built target retroplayer_guibridge
[ 48%] Built target retroplayer_guiplayback
[ 49%] Built target retroplayer_guicontrols
[ 49%] Built target retroplayer_guiwindows
[ 49%] Built target retroplayer_playback
[ 49%] Built target rp-process
[ 49%] Built target retroplayer_savestates
[ 50%] Built target rp-rendering
[ 50%] Built target rp-videorenderers
[ 50%] Built target rp-shaders
[ 51%] Built target retroplayer_streams
[ 51%] Built target retroplayer_memory
[ 53%] Built target settings_dialogs
[ 54%] Built target settings
[ 55%] Built target settings_windows
[ 55%] Built target settings_lib
[ 55%] Built target addons_addoninfo
[ 58%] Built target xbmc
[ 59%] Built target addons_binary-addons
[ 61%] Built target addons
[ 61%] Built target addons_gui
[ 61%] Built target addons_interfaces
[ 61%] Built target addons_gui_skin
[ 61%] Built target addons_interfaces_gui
[ 62%] Built target addons_interfaces_gui_controls
[ 62%] Built target addons_interfaces_gui_dialogs
[ 63%] Built target addons_settings
[ 63%] Built target commons
[ 63%] Built target application
[ 64%] Built target dbwrappers
[ 64%] Built target favourites
[ 64%] Built target guilib_announcement_handlers
[ 66%] Built target guilib_listproviders
[ 66%] Built target imagefiles
[ 67%] Built target dialogs
[ 68%] Built target guilib_guiinfo
[ 68%] Built target jobs
[ 68%] Built target messaging
[ 68%] Built target messagingHelpers
[ 68%] Building CXX object build/pictures/CMakeFiles/pictures.dir/GUIDialogPictureInfo.cpp.o
[ 72%] Built target guilib
[ 72%] Built target pictures_metadata
[ 72%] Built target platform_common
[ 72%] Building CXX object build/pictures/CMakeFiles/pictures.dir/PictureInfoTag.cpp.o
[ 72%] Built target playlists
[ 72%] Linking CXX static library pictures.a
[ 72%] Built target powermanagement
[ 72%] Built target programs
[ 72%] Built target rendering
[ 72%] Built target rendering_capture
[ 72%] Built target threads
[ 72%] Built target storage
[ 72%] Built target resources
[ 72%] Built target utils_guilib
[ 72%] Built target utils_i18n_Bcp47Registry
[ 72%] Built target utils_i18n
[ 74%] Built target view
[ 75%] Built target pictures
[ 75%] Built target windowing
[ 75%] Built target weather
[ 75%] Building CXX object build/utils/CMakeFiles/utils.dir/SystemInfo.cpp.o
[ 75%] Building CXX object build/windows/CMakeFiles/windows.dir/GUIWindowSystemInfo.cpp.o
[ 75%] Linking CXX static library utils.a
[ 75%] Building CXX object build/video/CMakeFiles/video.dir/VideoDatabase.cpp.o
[ 76%] Built target video_guilib
[ 76%] Built target video_dialogs
[ 76%] Linking CXX static library windows.a
[ 76%] Linking CXX static library video.a
[ 76%] Built target video_jobs
[ 76%] Built target video_tags
[ 76%] Built target video_windows
[ 77%] Built target VideoPlayer
[ 77%] Built target dvdcodecs
[ 77%] Built target videoplayer-buffers
[ 77%] Built target windows
[ 79%] Built target dvdaudiocodecs
[ 80%] Built target video
[ 81%] Built target dvdoverlaycodecs
[ 81%] Built target dvdvideocodecs
[ 81%] Built target dvddemuxers
[ 81%] Built target subtitles_webvtt
[ 81%] Built target dvdinputstreams
[ 81%] Built target dvdsubtitles
[ 81%] Built target process
[ 81%] Built target videoshaders
[ 83%] Built target videorenderers
[ 88%] Built target utils
[ 88%] Built target rp-shaders-gl
[ 88%] Built target input_touch
[ 89%] Built target input_touch_generic
[ 89%] Built target platform_common_speech
[ 89%] Built target platform_linux_storage
[ 89%] Built target platform_linux_network
[ 89%] Built target platform_linux_powermanagement
[ 89%] Built target platform_linux_peripherals
[ 90%] Built target linuxsupport
[ 90%] Built target platform_linux_threads
[ 90%] Built target platform_posix_network
[ 90%] Built target platform_posix_filesystem
[ 90%] Built target platform_posix_storage_discs
[ 92%] Built target platform_posix
[ 92%] Built target platform_posix_threads
[ 92%] Built target platform_posix_utils
[ 92%] Built target windowing_linux
[ 93%] Built target platform_linux_network_zeroconf
[ 93%] Built target network_dacp
[ 93%] Built target cdrip
[ 94%] Built target rendering_gl
[ 94%] Built target legacy_interface_wsgi
[ 94%] Building CXX object build/interfaces/legacy/CMakeFiles/legacy_interface.dir/InfoTagPicture.cpp.o
[ 96%] Built target python_interface
[ 96%] Built target python_binding
[ 96%] Linking CXX static library legacy_interface.a
[ 96%] Building CXX object build/network/upnp/CMakeFiles/network_upnp.dir/UPnPRenderer.cpp.o
[ 96%] Built target kodi-libraries
[ 97%] Built target network_httprequesthandlers
[ 98%] Built target gen_skin_pack
[ 98%] Linking CXX static library network_upnp.a
[ 98%] Built target generate-packaging
[100%] Built target legacy_interface
[100%] Built target network_upnp
[100%] Linking CXX static library gameosddialogs.a
[100%] Built target gameosddialogs
[100%] Built target libkodi
[100%] Linking CXX executable kodi-x11
[100%] Built target kodi
