-- The CXX compiler identification is GNU 15.2.0
-- The C compiler identification is GNU 15.2.0
-- The ASM compiler identification is GNU
-- Found assembler: /usr/bin/cc
-- Detecting CXX compiler ABI info
-- Detecting CXX compiler ABI info - done
-- Check for working CXX compiler: /usr/bin/c++ - skipped
-- Detecting CXX compile features
-- Detecting CXX compile features - done
-- Detecting C compiler ABI info
-- Detecting C compiler ABI info - done
-- Check for working C compiler: /usr/bin/cc - skipped
-- Detecting C compile features
-- Detecting C compile features - done
-- Mirror download location: https://mirrors.kodi.tv
-- Source directory: /home/chris/xbmc-gamelib-merge
-- Build directory: /home/chris/xbmc-gamelib-merge/build
-- Generator: Single-configuration: Release (Unix Makefiles)
-- CMake Version: 4.2.3
-- System type: Linux
CMake Warning at cmake/modules/buildtools/LDGOLD.cmake:10 (message):
  GNU gold linker is not available, falling back to default system linker
Call Stack (most recent call first):
  cmake/scripts/linux/ArchSetup.cmake:49 (include)
  cmake/scripts/common/ArchSetup.cmake:78 (include)
  CMakeLists.txt:89 (include)


-- Host architecture is little-endian
-- Core system type: linux
-- Platform: x11
-- CPU: x86_64, ARCH: x86_64-linux
-- Cross-Compiling: FALSE
-- Execute build artefacts on host: 
-- Depends based build: 
-- statx is available
-- Checking to see if CXX compiler accepts flag -msse
-- Checking to see if CXX compiler accepts flag -msse - yes
-- Checking to see if CXX compiler accepts flag -msse2
-- Checking to see if CXX compiler accepts flag -msse2 - yes
-- Checking to see if CXX compiler accepts flag -msse3
-- Checking to see if CXX compiler accepts flag -msse3 - yes
-- Checking to see if CXX compiler accepts flag -mssse3
-- Checking to see if CXX compiler accepts flag -mssse3 - yes
-- Checking to see if CXX compiler accepts flag -msse4.1
-- Checking to see if CXX compiler accepts flag -msse4.1 - yes
-- Checking to see if CXX compiler accepts flag -msse4.2
-- Checking to see if CXX compiler accepts flag -msse4.2 - yes
-- Checking to see if CXX compiler accepts flag -mavx
-- Checking to see if CXX compiler accepts flag -mavx - yes
-- Checking to see if CXX compiler accepts flag -mavx2
-- Checking to see if CXX compiler accepts flag -mavx2 - yes
-- Found CCache: /usr/bin/ccache (found version "4.12.3")
-- Found ClangFormat: /usr/bin/clang-format (found suitable version "21.1.8 (6ubuntu1)", minimum required is "9.0")
-- Found FlatC Compiler: /bin/flatc (found version "23.5.26")
-- Found JsonSchemaBuilder: /home/chris/xbmc-gamelib-merge/build/build/bin/JsonSchemaBuilder
-- Building internal TexturePacker
-- Shipping internal TexturePacker
-- Internal TexturePacker will be executed during build
CMake Warning at cmake/modules/FindCdio.cmake:28 (message):
  Detected libcdio (2.2.0) and libcdio++ () version mismatch.  libcdio++ will
  not be used.
Call Stack (most recent call first):
  cmake/modules/FindIso9660pp.cmake:16 (find_package)
  cmake/scripts/common/Macros.cmake:381 (find_package)
  cmake/scripts/common/Macros.cmake:431 (find_package_with_ver)
  CMakeLists.txt:303 (core_optional_dep)


-- Building crossguid: (version "ca1bf4b810e2d188d04cb6286f957008ee1b7681")
-- Building ffmpeg: (version "9.0.1")
-- Performing Test Iconv_IS_BUILT_IN
-- Performing Test Iconv_IS_BUILT_IN - Success
-- Building libdvdcss: (version "1.5.0")
-- Found Meson: /bin/meson (found version "1.10.1")
-- Found Ninja: /bin/ninja (found version "1.13.2")
-- Building libdvdread: (version "7.0.1")
-- Building libdvdnav: (version "7.0.0")
-- Found Threads: TRUE
-- Building utfcpp: (version "4.0.6")
-- Building taglib: (version "2.3.1")
-- #---- CONFIGURATION ----#
-- Platforms: x11
-- App package: org.xbmc.kodi
-- -- PATH config --
-- Prefix: /usr/local
-- Libdir: /usr/local/lib
-- Bindir: /usr/local/bin
-- Includedir: /usr/local/include
-- Datarootdir: /usr/local/share
-- Datadir: /usr/local/share
-- Docdir: /usr/local/share/doc/kodi
-- CCACHE enabled: Yes
-- CLANGFORMAT enabled: Yes
-- CLANGTIDY enabled: No
-- CPPCHECK enabled: No
-- INCLUDEWHATYOUUSE enabled: No
-- ALSA enabled: Yes
-- AVAHI enabled: Yes
-- BLUETOOTH enabled: No
-- BLURAY enabled: Yes
-- CAP enabled: No
-- CEC enabled: No
-- DBUS enabled: Yes
-- ISO9660PP enabled: No
-- LCMS2 enabled: Yes
-- LIRCCLIENT enabled: No
-- MDNS enabled: No
-- MICROHTTPD enabled: Yes
-- NFS enabled: Yes
-- PIPEWIRE enabled: No
-- PLIST enabled: Yes
-- POPPLER enabled: No
-- PULSEAUDIO enabled: Yes
-- PYTHON enabled: Yes
-- SMBCLIENT enabled: Yes
-- SNDIO enabled: No
-- UDEV enabled: Yes
-- UDFREAD enabled: Yes
-- XSLT enabled: Yes
-- VAAPI enabled: No
-- GLX enabled: Yes
-- VDPAU enabled: No
-- MARIADBCLIENT enabled: Yes
-- Configuring done (6.8s)
-- Generating done (1.1s)
-- Build files have been written to: /home/chris/xbmc-gamelib-merge/build
